<!DOCTYPE html><html><head><link rel="stylesheet" href="/style.css"></head><body><h1>Hello World!</h1></body></html>