<!DOCTYPE html><html><head><link rel="icon" href="../assets/img/favicon-32w.png"></head><body><img src="../assets/img/image-105w.webp" alt="responsive image 105px"><img src="../assets/img/image-100w.webp" srcset="../assets/img/image-110w.jpg 110w,../assets/img/image-120w.jpg 120w" alt="responsive image srcset"><p class="default">../assets/img/image-160w.png</p><img class="responsible" srcset="../assets/img/image-50w.jpg 50w,../assets/img/image-60w.jpg 60w,../assets/img/image-70w.jpg 70w" src="../assets/img/image-50w.png" alt="responsive image"><img class="json" src="../assets/img/image-75w.webp"><p>src webp: ../assets/img/image-80w.webp</p><p>srcSet: ../assets/img/image-80w.webp 80w,../assets/img/image-85w.webp 85w,../assets/img/image-90w.webp 90w</p><p>Image
width: 160
height: 114</p></body></html>