<!DOCTYPE html><html><head><link rel="stylesheet" href="/assets/css/main.a423e071.css"><link rel="stylesheet" href="/assets/css/style.7e7f977b.css"></head><body><h1>About</h1></body></html>