<!DOCTYPE html><html><head><link rel="stylesheet" href="assets/css/main.06ae3e26.css"></head><body><h1>Hello World!</h1></body></html>