<!DOCTYPE html><html><head><title>Test</title><script src="../js/main.ba823c3f.js"></script></head><body><h1>Hello World!</h1><p>de</p></body></html>