<!DOCTYPE html><html><head><link href="/assets/css/common.1383a09a.css" rel="stylesheet"><link href="/assets/css/style.a37e0d2d.css" rel="stylesheet"></head><body><h1>Home</h1></body></html>