<!DOCTYPE html><html><head><script src="/assets/js/vendor.e2c2bd34.js"></script></head><body></body></html>