<!DOCTYPE html><html><head><link href="assets/img/favicon.5a235a42.ico" rel="icon"><link href="normalize.css" rel="alternate stylesheet"><link rel="stylesheet" href="style.css"></head><body><h1>Hello Pug!</h1></body></html>