<!DOCTYPE html><html><head><script src="../file1.f9ba2f3a.js"></script><script src="../file2.4320afe1.js"></script><script src="../file3.295068b4.js"></script><script src="../file4.90f9eb4b.js"></script></head><body><h1>Hello Pug!</h1></body></html>