<!DOCTYPE html><html><head><link href="style.css" rel="stylesheet"><style>h1{color:red}</style>
</head><body><h1>Hello World!</h1></body></html>