<link href="/assets/css/style.css" rel="stylesheet"><h1>Hello World!</h1><img src="/assets/images/image.697ef306.png"><a href="about.html">about</a><a href="pages/home.html">home</a>