<!DOCTYPE html><html><head><link href="assets/vendor/css/common.e56c9696.css" rel="stylesheet"><link href="assets/css/style.c78f2f13.css" rel="stylesheet"><script src="assets/js/common.min.js"></script><script src="assets/js/main.js"></script></head><body><div class="header">Header</div><h1>Home</h1><img src="assets/img/image.697ef306.png"></body></html>