<!DOCTYPE html><html><head><link href="/assets/css/style.026fd625.css" rel="stylesheet"><script src="/assets/js/runtime.a5bd90e1.js" defer></script><script src="/assets/js/vendors.9326a07a.js" defer></script><script src="/assets/js/fixture-lorem.b2ee76da.js" defer></script></head><body><h1>Hello Pug!</h1><script src="/assets/js/main.3ca131f0.js"></script></body></html>