<!DOCTYPE html><html><head><title>Test</title><script src="js/main.31c897f5.js"></script></head><body><h1>Hello World!</h1><p>en</p></body></html>