<!DOCTYPE html><html lang="en"><head><link href="assets/css/style.f2b64027.css" rel="stylesheet"></head><body><h1>About</h1><script src="assets/js/scripts-src_assets_js_module-c_js.61c3cc78.js"></script>
<script src="assets/js/scripts-src_assets_js_module-b_js.ab91b9c6.js"></script>
<script src="assets/js/scripts-src_assets_js_main-b_js-_07e11.eee6cd36.js"></script>
<script src="assets/js/main-b.8e32275c.js"></script>
</body></html>