<!DOCTYPE html><html><head><meta name="description" content="description - home"><title>title - home</title></head><body><div class="nav"><a class="active" href="./" title="index">home</a><a href="./about.html" title="about me">about</a></div><h1>Home</h1><img src="assets/images/home.697ef306.png"></body></html>