<!DOCTYPE html><html><head><link rel="stylesheet" href="/assets/css/style.fb43317d.css"><script src="/assets/js/main.5032e64c.js"></script></head><body><h1>Main page</h1></body></html>