<!DOCTYPE html><html><head><link rel="stylesheet" href="/assets/css/style.css"></head><body><h1>Home</h1></body></html>