/*!
 * Pug plugin (https://github.com/webdiscus/pug-plugin)
 * Copyleft 2022 Pug plugin
 * Licensed under ISC (https://github.com/webdiscus/pug-loader/blob/master/LICENSE)
 */
