<!DOCTYPE html><html><head><link rel="stylesheet" href="/css/style.ae5a8c3b.css"><script src="/js/main.6de20bbc.js"></script></head><body><h1>Home</h1><img src="/img/icons/chevron-down.d4d89eef.svg"><img src="/img/logos/pug.013353fe.png"></body></html>