<!DOCTYPE html><html><head><link rel="stylesheet" href="/assets/css/main.fa110294.css"><link rel="stylesheet" href="/assets/css/about.bb86b505.css"><link rel="stylesheet" href="/assets/css/style.css"></head><body><p>The usage of the style source and the compiled styles from webpack entry.</p></body></html>