<!DOCTYPE html><html><head><meta charset="utf-8"><link href="style.css" rel="stylesheet"></head><body><h1>Hello Pug!</h1><span class="test"></span><span class="test-2"></span><span class="test-3"></span></body></html>