<!DOCTYPE html>
<html>
<head>
<title>Test</title>
</head>
<body>
<h1>About</h1>
</body>
</html>