<!DOCTYPE html><html><head><script src="/assets/js/main.cf8f64f8.js"></script></head><body><h1>Index</h1></body></html>