<!DOCTYPE html><html><head><title>Test</title><link href="assets/css/style.47f4da55.css" rel="stylesheet"><script src="assets/js/main.e147db14.js" defer="defer"></script></head><body></body><h1>Hello World!</h1></html>