<!DOCTYPE html><html><head><link rel="stylesheet" href="/pages/about/styles.b0bfcefc.css"><script src="/pages/about/scripts.6acc526b.js"></script></head><body><h1>About page</h1></body></html>