<!DOCTYPE html><html><head><link rel="stylesheet" href="/assets/css/main.css"><link rel="stylesheet" href="/assets/css/style.2.css"><link rel="stylesheet" href="/assets/css/style.1.css"></head><body><h1>Demo</h1></body></html>