<!DOCTYPE html><html><head><link rel="stylesheet" href="/pages/main/styles.fb43317d.css"><script src="/pages/main/scripts.d66f5c45.js"></script></head><body><h1>Main page</h1></body></html>