<h1>Home</h1><img src="/assets/images/image.697ef306.png">