<!DOCTYPE html><html><head><title>Test</title><link href="../css/styles.bb1392f7.css" rel="stylesheet"><script src="../index.js"></script></head><body><h1>Hello World!</h1><p>de</p></body></html>