<!DOCTYPE html><html lang="en"><head><link href="assets/css/style.f7030525.css" rel="stylesheet"></head><body><h1>Index</h1><script src="assets/js/703.ea6edaa6.js"></script><script src="assets/js/416.dfafe31f.js"></script><script src="assets/js/168.5a1ae208.js"></script><script src="assets/js/main-a.0e272c3b.js"></script></body></html>