<!DOCTYPE html><html><head><link rel="stylesheet" href="/assets/css/style.59838ab9.css"></head><body><h1>Hello World!</h1></body></html>