<!DOCTYPE html><html><head><link href="../assets/css/main.23f0f126.css" rel="stylesheet"><style>h1{font-size:20px}.img-inline-style{border:2px solid #ff4500;width:160px;height:130px;background-image:url(../assets/img/image.697ef306.png)}
/*# sourceURL=webpack://./src/assets/styles/inline-style.css */
/*# sourceMappingURL=data:application/json;charset=utf-8;base64,eyJ2ZXJzaW9uIjozLCJzb3VyY2VzIjpbIndlYnBhY2s6Ly8uL3NyYy9hc3NldHMvc3R5bGVzL2lubGluZS1zdHlsZS5jc3MiXSwibmFtZXMiOltdLCJtYXBwaW5ncyI6IkFBQUEsR0FDRSxjQUFBLENBR0Ysa0JBQ0Usd0JBQUEsQ0FDQSxXQUFBLENBQ0EsWUFBQSxDQUNBLHdEQUFBIiwic291cmNlc0NvbnRlbnQiOlsiaDEge1xuICBmb250LXNpemU6IDIwcHg7XG59XG5cbi5pbWctaW5saW5lLXN0eWxlIHtcbiAgYm9yZGVyOiAycHggc29saWQgb3JhbmdlcmVkO1xuICB3aWR0aDogMTYwcHg7XG4gIGhlaWdodDogMTMwcHg7XG4gIGJhY2tncm91bmQtaW1hZ2U6IHVybChcIkltYWdlcy9pbWFnZS5wbmdcIik7XG59Il0sInNvdXJjZVJvb3QiOiIifQ== */</style></head><body><h1>About</h1><div class="img-file-style"></div><div class="img-inline-style"></div></body></html>