<!DOCTYPE html><html><head><link href="assets/vendor/css/common.ee2cfe2a.css" rel="stylesheet"><link href="assets/css/style.42a6df1e.css" rel="stylesheet"><script src="assets/js/common.min.js"></script><script src="assets/js/main.js"></script><script src="assets/js/main.1.js"></script></head><body><div class="header">Header</div><h1>About</h1><img src="assets/img/image.697ef306.png"></body></html>