<!DOCTYPE html><html><head><title>Test</title><script src="js/main.c6fe1e02.js" defer="defer"></script><script>(()=>{"use strict";var r,e={116:(r,e,o)=>{o.d(e,{Q:()=>t});const t=(r,e)=>r+e}},o={};function t(r){var n=o[r];if(void 0!==n)return n.exports;var i=o[r]={exports:{}};return e[r](i,i.exports,t),i.exports}t.d=(r,e)=>{for(var o in e)t.o(e,o)&&!t.o(r,o)&&Object.defineProperty(r,o,{enumerable:!0,get:e[o]})},t.o=(r,e)=>Object.prototype.hasOwnProperty.call(r,e),r=t(116),console.log(">> inline script from inline-main.js",(0,r.Q)(3,4))})();</script>
</head><body><h1>Home</h1></body></html>