<!DOCTYPE html><html><head><link rel="icon" href="/assets/img/favicon.f6725057.svg" type="image/svg+xml" sizes="any"><link rel="icon" href="/assets/img/favicon-32px.0035c307.png" type="image/png" sizes="32x32"><link rel="stylesheet" href="/assets/css/style.d1d3d1fb.css"></head><body><h1>Home</h1><img class="inline" src="data:image/png;base64,iVBORw0KGgoAAAANSUhEUgAAABgAAAAYCAQAAABKfvVzAAAAUklEQVQ4y2NgoADIMexh+MnwHwX+BIrJ4dKwG00xDO7GpeEHDg0/cGkASRIrOqphVMPAa8AOCWqoZOABYoIaEBmIF8jjJZyBduOwYTfVCgGiAABs3JKsxAraGAAAAABJRU5ErkJggg==">
<!-- inline: iphone.svg -->
<svg height="24" viewBox="0 0 24 24" width="24" class="inline"><path d="M0 0h24v24H0z" fill="none"/><path d="M15.5 1h-8C6.12 1 5 2.12 5 3.5v17C5 21.88 6.12 23 7.5 23h8c1.38 0 2.5-1.12 2.5-2.5v-17C18 2.12 16.88 1 15.5 1zm-4 21c-.83 0-1.5-.67-1.5-1.5s.67-1.5 1.5-1.5 1.5.67 1.5 1.5-.67 1.5-1.5 1.5zm4.5-4H7V4h9v14z"/></svg>
<img class="file" src="/assets/img/pug-logo.013353fe.png"><img class="file" src="/assets/img/pug-logo.b0c23d5d.svg"></body></html>