<!DOCTYPE html><html><head><link href="/assets/css/style.c597d7cc.css" rel="stylesheet"></head><body><h1>Hello Pug!</h1><script src="/assets/js/runtime.dde9ce93.js"></script><script src="/assets/js/vendors.9326a07a.js"></script><script src="/assets/js/main.0f0564a8.js"></script></body></html>