<!DOCTYPE html><html><head><link rel="stylesheet" href="/assets/css/style.2.css"></head><body><h1>About</h1></body></html>