<!DOCTYPE html>
<html>
  <head>
    <title>Test</title>
    <script
      src="js/main.f8a1b5fc.js"
      defer="defer"></script>
    <script>(()=>{"use strict";var r={116:(r,e,o)=>{o.d(e,{Q:()=>t});const t=(r,e)=>r+e}},e={};function o(t){var n=e[t];if(void 0!==n)return n.exports;var i=e[t]={exports:{}};return r[t](i,i.exports,o),i.exports}o.d=(r,e)=>{for(var t in e)o.o(e,t)&&!o.o(r,t)&&Object.defineProperty(r,t,{enumerable:!0,get:e[t]})},o.o=(r,e)=>Object.prototype.hasOwnProperty.call(r,e);var t=o(116);console.log(">> inline script from inline-main.js",(0,t.Q)(3,4))})();</script>
  </head>
  <body>
    <h1>Home</h1>
  </body>
</html>
