<!DOCTYPE html><html><head><link rel="stylesheet" href="/css/style.9cba634c.css"><script src="/js/main.295acf72.js"></script></head><body><h1>Home</h1><img src="/img/icons/chevron-down.d4d89eef.svg"><img src="/img/logos/pug.013353fe.png"></body></html>