<!DOCTYPE html><html><head><link rel="stylesheet" href="/assets/css/style.17c7cc91.css"></head><body><img src="/assets/img/pug-logo.b0c23d5d.svg"></body></html>