<!DOCTYPE html><html><head><link rel="stylesheet" href="assets/css/main.css"><link rel="stylesheet" href="assets/css/style.css"></head><body><h1>Hello Pug!</h1><span class="mat">home</span><span class="mat2">home</span></body></html>