<!DOCTYPE html><html><head><title>Test</title><script src="main.js" defer="defer"></script></head><body><h1>Hello World!</h1><div id="root"></div></body></html>